// Jest Snapshot v1, https://goo.gl/fbAQLP

exports[`ListItem test suits Render correctly 1`] = `
<View
  accessible={true}
  collapsable={false}
  focusable={true}
  nativeID="animatedComponent"
  onClick={[Function]}
  onResponderGrant={[Function]}
  onResponderMove={[Function]}
  onResponderRelease={[Function]}
  onResponderTerminate={[Function]}
  onResponderTerminationRequest={[Function]}
  onStartShouldSetResponder={[Function]}
  style={
    Object {
      "backgroundColor": "#FFFFFF",
      "borderRadius": 5,
      "elevation": 1,
      "marginBottom": 10,
      "opacity": 1,
      "paddingHorizontal": 15,
      "paddingVertical": 20,
      "shadowColor": "#000000",
      "shadowOffset": Object {
        "height": 1,
        "width": 0,
      },
      "shadowOpacity": 0.05,
      "shadowRadius": 1,
    }
  }
>
  <Text>
    John Doe
  </Text>
  <Text>
    Celular: 123
  </Text>
</View>
`;
